<environment xmlns="https://admin-shell.io/aas/3/0">
	<assetAdministrationShells>
		<assetAdministrationShell>
			<idShort>something_783819f1</idShort>
			<id>something_142922d6</id>
			<assetInformation>
				<assetKind>NotApplicable</assetKind>
				<specificAssetIds>
					<specificAssetId>
						<name>something_b0b6ce88</name>
						<value>something_a37abe43</value>
					</specificAssetId>
				</specificAssetIds>
			</assetInformation>
		</assetAdministrationShell>
	</assetAdministrationShells>
</environment>
