{
  "submodels": [
    {
      "id": "something_48c66017",
      "idShort": "something_f8c8ea97",
      "modelType": "Submodel",
      "qualifiers": [
        {
          "type": "something_5964ab43",
          "value": "123456789012345678901234567890123456789012345678901234567890123456789012345678901234567890.12345678901234567890123456789012345678901234567890123456789012345678901234567890",
          "valueType": "xs:decimal"
        }
      ]
    }
  ]
}