{
  "submodels": [
    {
      "id": "something_48c66017",
      "idShort": "something_f8c8ea97",
      "modelType": "Submodel",
      "qualifiers": [
        {
          "type": "something_5964ab43",
          "value": "817778847926480",
          "valueType": "xs:integer"
        }
      ]
    }
  ]
}