<environment xmlns="https://admin-shell.io/aas/3/0">
	<submodels>
		<submodel>
			<idShort>something_f8c8ea97</idShort>
			<id>something_48c66017</id>
			<submodelElements>
				<range>
					<idShort>something3fdd3eb4</idShort>
					<valueType>xs:anyURI</valueType>
					<min>%Ac@@%42@@@%3a/:*/@?'𢡦//󶁡!/&amp;//@??苁</min>
					<max>%Ac@@%42@@@%3a/:*/@?'𢡦//󶁡!/&amp;//@??苁</max>
				</range>
			</submodelElements>
		</submodel>
	</submodels>
</environment>
