{
  "conceptDescriptions": [
    {
      "id": "something_8ccad77f",
      "idShort": "something_39468b4f",
      "modelType": "ConceptDescription"
    }
  ]
}