{
  "submodels": [
    {
      "id": "something_48c66017",
      "idShort": "something_f8c8ea97",
      "modelType": "Submodel",
      "submodelElements": [
        {
          "idShort": "something3fdd3eb4",
          "modelType": "Property",
          "value": "-0005-02-29T01:02:03",
          "valueType": "xs:dateTime"
        }
      ]
    }
  ]
}