<environment xmlns="https://admin-shell.io/aas/3/0">
	<submodels>
		<submodel>
			<idShort>something_f8c8ea97</idShort>
			<id>something_48c66017</id>
			<submodelElements>
				<operation>
					<idShort>something3fdd3eb4</idShort>
				</operation>
			</submodelElements>
		</submodel>
	</submodels>
</environment>
