<environment xmlns="https://admin-shell.io/aas/3/0">
	<submodels>
		<submodel>
			<idShort>something_f8c8ea97</idShort>
			<id>something_48c66017</id>
			<submodelElements>
				<range>
					<idShort>something3fdd3eb4</idShort>
					<valueType>xs:unsignedInt</valueType>
					<min>+000101</min>
					<max>+000101</max>
				</range>
			</submodelElements>
		</submodel>
	</submodels>
</environment>
