{
  "submodels": [
    {
      "id": "something_48c66017",
      "idShort": "something_f8c8ea97",
      "modelType": "Submodel",
      "submodelElements": [
        {
          "idShort": "something3fdd3eb4",
          "max": "7097",
          "min": "7097",
          "modelType": "Range",
          "valueType": "xs:int"
        }
      ]
    }
  ]
}