{
  "submodels": [
    {
      "id": "something_48c66017",
      "idShort": "something_f8c8ea97",
      "modelType": "Submodel",
      "qualifiers": [
        {
          "type": "something_5964ab43",
          "value": "-2111111-08-31T23:58:19.269348",
          "valueType": "xs:dateTime"
        }
      ]
    }
  ]
}